Mm^Xm, Mm^Xm, Mm^Xm, Mm^Xm, Mm^Xm, Mm^Xm, Mm^Xm, Mm^Xm, Mm^Xm, Mm^Xm, Mm^Xm, Mm^Xm, Mm^Xm, Mm^Xm, Mm^Xm, Mm^Xm, Mm^Xm, Gg, Mm^Xm, Mm^Xm, Mm^Xm, Mm^Xm, Mm^Xm, Mm^Xm, Mm^Xm, Mm^Xm, Mm^Xm, Mm^Xm, Mm^Xm, Mm^Xm, Mm^Xm, Mm^Xm, Mm^Xm, Mm^Xm, Mm^Xm, Mm^Xm, Mm^Xm, Mm^Xm, Mm^Xm, Mm^Xm, Mm^Xm, Mm^Xm, Mm^Xm, Mm^Xm, Mm^Xm, Mm^Xm
Mm^Xm, Mm^Xm, Mm^Xm, Mm^Xm, Mm^Xm, Mm^Xm, Mm^Xm, Mm^Xm, Mm^Xm, Mm^Xm, Mm^Xm, Mm^Xm, Mm^Xm, Mm^Xm, Mm^Xm, Mm^Xm, Mm^Xm, Mm^Xm, Mm^Xm, Mm^Xm, Mm^Xm, Mm^Xm, Mm^Xm, Mm^Xm, Mm^Xm, Mm^Xm, Mm^Xm, Mm^Xm, Mm^Xm, Mm^Xm, Mm^Xm, Mm^Xm, Mm^Xm, Mm^Xm, Mm^Xm, Mm^Xm, Mm^Xm, Mm^Xm, Mm^Xm, Mm^Xm, Mm^Xm, Mm^Xm, Mm^Xm, Mm^Xm, Mm^Xm, Mm^Xm
Mm^Xm, Mm^Xm, Mm^Xm, Mm^Xm, Mm^Xm, Mm^Xm, Mm^Xm, Mm^Xm, Mm, Mm, Mm, Mm, Mm, Mm^Xm, Mm^Xm, Mm^Xm, Mm^Xm, Mm^Xm, Mm^Xm, Mm^Xm, Mm^Xm, Mm^Xm, Mm^Xm, Mm^Xm, Mm^Xm, Mm^Xm, Mm^Xm, Mm^Xm, Mm^Xm, Mm^Xm, Mm^Xm, Mm^Xm, Mm^Xm, Mm^Xm, Mm^Xm, Mm^Xm, Mm^Xm, Mm^Xm, Mm^Xm, Mm^Xm, Mm^Xm, Mm^Xm, Mm^Xm, Mm^Xm, Mm^Xm, Mm^Xm
Mm^Xm, Mm^Xm, Mm^Xm, Mm^Xm, Mm^Xm, Mm^Xm, Mm^Xm, Mm, Mm, Mm, Mm, Mm, Mm, Mm, Mm, Mm, Mm, Mm^Xm, Mm, Mm^Xm, Mm, Mm, Mm, Mm^Xm, Mm^Xm, Mm^Xm, Mm, Mm^Xm, Mm^Xm, Mm^Xm, Mm, Mm, Mm, Mm, Mm, Mm^Xm, Mm, Mm, Mm, Mm^Xm, Mm, Mm^Xm, Mm^Xm, Mm^Xm, Mm^Xm, Mm^Xm
Mm^Xm, Mm^Xm, Mm^Xm, Mm^Xm, Mm^Xm, Mm^Xm, Mm, Mm, Mm, Mm, Mm, Mm, Hh, Hh, Gs^Ft, Mm, Hh, Mm, Mm, Mm, Hh, Mm, Mm, Mm, Mm, Mm, Mm, Mm, Mm, Mm, Hh, Mm, Mm, Mm, Mm, Mm, Mm, Mm, Mm, Mm, Mm, Mm, Mm^Xm, Mm^Xm, Mm^Xm, Mm^Xm
Mm^Xm, Mm^Xm, Mm^Xm, Mm^Xm, Mm, Mm, Hh, Mm, Hh, Hh, Hh, Hh, Gll, Gs^Ft, Gs^Ft, Hh, Gll, Hh, Gll^Ftr, Hh, Gll, Gs^Ft, Cfr, Mm, Mm, Mm, Hh, Hh, Hh, Hh, Cfr, Hh, Cfr, Hh, Hh, Mm, Hh, Hh, Hh, Mm, Mm, Mm, Mm^Xm, Mm^Xm, Mm^Xm, Mm^Xm
Mm^Xm, Mm^Xm, Mm, Mm, Mm, Hh, Hh, Hh, Gll, Hh, Gll, Gs^Ft, Gll, Gll, Re^Gvs, Re^Gvs, Re^Gvs, Ss, Gll, Hh^Ft, Ss, Hh^Ft, Cfr, Rp, Rp, Cfr, Cfr^Ebn, Rp, Rp, Cfr, Rp, Rp, Rp, Cfr, Gs^Ft, Hh, Hh, Hhd^Dr, Hhd^Dr, Hh, Hh, Mm, Mm^Xm, Mm^Xm, Mm^Xm, Mm^Xm
Mm^Xm, Mm^Xm, Mm, Mm, Gs^Ft, Gs^Ft, Gs^Ft, Ss, Gll, Gll, Gs^Ft, Chr^Dr, Re^Gvs, Re^Gvs, Re^Gvs, Re^Gvs, Re^Gvs, Re^Gvs, Rb^Dr, Gll, Ss, Cfr, Cfr, Rp^Vhcr, Rp, Cfr, Rp^Vhcr, Gs^Ft, Hhd^Dr, Rp, Gs^Ft, Gs^Dr, Gll^Dr, Rp, Rp, Cfr^Ebn, Rp, Rp, Rp, Hh, Cfr, Mm, Mm, Mm^Xm, Mm^Xm, Mm^Xm
Mm^Xm, Mm, Mm, Hh, Gs^Ft, Ss, Hh^Ft, Gs^Ft, Gll, Gll, Re^Gvs, Rb, Rb^Dr, Re^Gvs, Re^Gvs, Re^Gvs, Rb, Rb, Re^Gvs, Re^Gvs, Re^Gvs, Hh, Rp, Gll, Gll^Dr, Rp, Rp, Gll, Hh, Rp^Vhcr, Rp^Vhcr, Rp^Vhcr, Rp, Gll^Ebn, Gs^Ft, Rp, Rp^Vhcr, Hhd^Dr, Rp, Hh^Ft, Hh^Ft, Mm, Mm, Mm^Xm, Mm^Xm, Mm^Xm
Mm, Mm, Mm, Hh, Gll, Gll, Gs^Ft, Gll^Ftr, Re^Gvs, Re^Gvs, Re^Gvs, Re^Gvs, Re^Gvs, Rb, Rb^Dr, Rb, Re^Gvs, Re^Gvs, Re^Gvs, Re^Gvs, Re^Gvs, Re^Gvs, Cfr^Ebn, Rp, Rp^Vhcr, Gll^Dr, Gll, Rp, Rp, Rp, Rp, Rp, Cfr, Rp, Rp, Gll, Gs^Ft, Rp^Vhcr, Rp, Hh, Cfr^Ebn, Mm, Mm, Mm^Xm, Mm^Xm, Mm^Xm
Mm, Mm, Mm, Hh, Gll, Ss, Re^Gvs, Re^Gvs, Re^Gvs, Re^Gvs, Re^Gvs, Re^Gvs, Rb, Rb^Wm, Re^Gvs, Rb^Dr, Rb^Dr, Re^Gvs, Re^Gvs, Re^Gvs, Gll, Gll, Gll^Dr, Hhd^Dr, Rp, Rp^Vhcr, Gs^Ft, Gll^Dr, Rp, Gs^Ft, Rp, Cfr, 6 Kfr, Cfr, Rp, Gs^Ft, Rp^Vhcr, Gll, Gs^Ft, Rp, Cfr, Mm, Mm, Mm^Xm, Mm^Xm, Mm^Xm
Mm, Mm, Hh, Gs^Ft, Tb^Tf, Gs^Ft, Tb^Tf, Re^Gvs, Re^Gvs, Re^Gvs, Rb^Dr, Rb^Dr, Re^Gvs, Re^Gvs, Re^Gvs, Re^Gvs, Re^Gvs, Rb, Gll, Ss, Gll, Gll, Gs^Dr, Cfr, Cfr, Gll, Gll, Gs^Ft, Rp, Gll^Ebn, Rp, Cfr, Cfr, Cfr, Rp, Gs^Ft, Gs^Ft, Gs^Ft, Gll, Rp, Tb^Tf, Hh, Mm, Mm, Mm^Xm, Mm^Xm
Mm, Mm, Hh, Gll, Gll, Gll, Gll, Gll^Ftr, Gs^Ft, Rb, Re^Gvs, Re^Gvs, Re^Gvs, Re^Gvs, Re^Gvs, Re^Gvs, Gll, Gs^Ft, Hh^Ft, Ss, Chr^Dr, Ss, Gll, Gll, Rp, Gs^Dr, Rp^Vhcr, Gs^Ft, Rp, Rp^Vhcr, Gs^Ft, Rp, Rp, Rp, Rp^Vhcr, Rp, Rp, Gll^Ebn, Rp^Vhcr, Rp, Hh^Ft, Hh, Mm, Mm, Mm^Xm, Mm^Xm
Hh, Hh, Gs^Ft, Gll, Gll, Gll, Gll, Gll, Gll, Gll, Gll, Re^Gvs, Re^Gvs, Re^Gvs, Gll, Gll, Gll^Ftr, Gs^Ft, Hh^Ft, Hh, Chr, Gll, Gll, Gll, Rp, Rp, Rp, Rp, Gs^Dr, Rp^Vhcr, Rp^Vhcr, Gll, Rp, Gs^Ft, Gs^Ft, Rp^Vhcr, Rp, Gs^Ft, Gll, Rp, Cfr, Hh, Mm, Mm, Mm^Xm, Mm^Xm
Gll, Gll, Gs^Ft, Gs^Ft, Gll, Gll, Ss, Gll, Gll, Ss, Gll, Gll, Gs^Ft, Gll, Gs^Ft, Chr^Dr, Gll, Gll, Gll^Ftr, Gll^Ftr, Gll, Gll, Gs^Ft, Gs^Ft, Cfr^Ebn, Rp, Hhd^Dr, Rp, Rp, Rp, Rp, Gll^Dr, Hh, Rp, Gs^Ft, Hh, Rp, Rp^Vhcr, Rp, Rp, Hhd^Dr, Hh, Mm, Mm, Mm^Xm, Mm^Xm
Gll, Gs^Ft, Chr^Dr, Gs^Vht, Gs^Ft, Gs^Ft, Ss, Gll, Gll, Gll, Gll, Gll, Gll, Gs^Ft, Gll, Gll, Gll, Gll, Gll, Chr, Gs^Ft, Gll, Gll, Hh^Ft, Gs^Ft, Cfr, Ss, Cfr, Gll, Cfr, Hhd^Dr, Rp, Rp, Rp, Rp, Rp, Cfr^Ebn, Rp, Cfr, Hhd^Dr, Gs^Ft, Cfr^Ebn, Mm, Mm, Mm^Xm, Mm^Xm
Ds, Gs^Ft, Gs^Ft, Gll, Gll, Gll, Gs^Ft, Ss, Gll, Gll, Gll^Ftr, Gll, Gs^Ft, Gll, Ss, Gll, Ss, Ss, Gll, Gs^Ft, Gs^Ft, Gs^Ft, Gs^Ft, Gs^Ft, Gs^Ft, Gs^Ft, Gs^Ft, Gs^Ft, Gs^Ft, Gll, Ss, Cfr, Gll, Cfr, Cfr, Hhd^Dr, Gll, Gs^Ft, Gll, Ss, Gll, Gll, Hh, Mm, Mm^Xm, Mm^Xm
Wwg, Ds, Wwg, Ds, Ds, Ss, Gll, Hh, Gll, Gs^Ft, Gll, Gll, Gll, Hh^Ft, Gs^Vht, Chr^Dr, Gs^Ft, Gll, Gll^Ftr, Gll, Gs^Ft, Ss, Ss, Chr, Gll, Chr, Gll, Gll, Gll, Gll, Tb^Tf, Gll, Chr, Gll, Hh, Gll, Gll, Gs^Ft, Gll, Gll, Gs^Ft, Gs^Ft, Hh, Mm, Mm, Mm^Xm
Wog, Wwg, Wwg, Wwg, Wwg, Ds, Ds, Gll, Gll, Gs^Ft, Gs^Ft, Gll, Gs^Ft, Hh^Ft, Gs^Ft, Gs^Ft, Gll, Gs^Ft, Hh, Gll^Ftr, Gs^Vht, Gs^Ft, Gll, Gll, Gll, Gll, Gll, Gll, Tb^Tf, Gll, Gll, Gll, Gll, Gll, Gs^Ft, Gll, Gll, Gs^Ft, Gll, Hh^Ft, Gs^Ft, Gll, Tb^Tf, Hh, Mm, Mm
Wwg, Wog, Wwg, Wog, Wog, Wwg, Wwg, Ds, Ds, Gll, Gll, Gs^Ft, Gll, Gs^Ft, Gll, Gs^Ft, Gs^Ft, Gll, Gll, Gs^Ft, Gll, Gs^Ft, Gs^Ft, Gll, Gs^Ft, Gll^Ftr, Gll, Gll, Gll, Gll, Gs^Ft, Chr, Gll, Gs^Ft, Gll, Gll^Ftr, Gll, Gs^Ft, Gs^Ft, Gll, Gll, Gll, Gs^Ft, Hh, Hh, Mm
Ds, Wwg, Ds, Wwg, Wwg, Wog, Wwg, Wwg, Wwg, Ds, Ds, Gs^Ft, Gll^Ftr, Gll, Gll, Gs^Ft, Ds, Gll, Ds, Gll, Gll, Gll, Gll, Gll, Gll, Gs^Ft, Hh^Ft, Hh, Gll, Gll, Chr, Gll, Gll, Gs^Ft, Gll, Gll^Ftr, Ss, Gll, Gs^Ft, Gs^Ft, Gll, Gll, Gs^Ft, Gs^Ft, Ss, Ss
Hh, Gll, Chr, Ds, Ds, Wwg, Wog, Wog, Wog, Wwg, Wwg, Ds, Ds, Gll, Ds, Ds, Wwg, Wwg, Wwg, Ds, Ds, Gll, Gs^Ft, Gll, Gll, Gll, Gll, Gs^Ft, Hh, Gll, Gs^Ft, Gll, Gll, Gll^Ftr, Gs^Ft, Gll, Gll, Hh, Gll, Gs^Ft, Hh^Ft, Gll, Gll, Gll^Ftr, Gs^Ft, Gs^Ft
Gll, Hh^Ft, Chr, Gll^Ftr, Gll, Wwg, Wwg, Wog, Wog, Wog, Wog, Wwg, Wwg, Ds, Wwg, Wwg, Wog, Wog, Wwg, Wwg, Wwg^Bw/r, Ds, Ds, Hh, Hh, Tb^Tf, Gll, Gs^Ft, Gll, Gll^Ftr, Gs^Ft, Gs^Ft, Gs^Vht, Gs^Ft, Gs^Ft, Gll, Gll, Gll, Gll, Gs^Ft, Gll, Gll, Gll, Gs^Ft, Gll, Chr
Gs^Ft, Gs^Ft, 4 Khr, Chr, Hh, Ds, Ds, Wwg, Wwg, Wwg, Wwg, Wog, Wwg, Wwg, Wog, Wog, Wwg, Wwg, Wwg^Bw/r, Wog^Bw/r, Wog^Bw/r, Wwg^Bw/r, Wwg, Ds, Ds, Gll, Gll, Gll, Gs^Ft, Gll, Gll, Gs^Ft, Gll, Gll, Gll, Gll, Gs^Ft, Gll, Ss, Ss, Gll, Tb^Tf, Gll, Gll, Gs^Ft, Gs^Ft
Gs^Ft, Gs^Vht, Chr, Chr, Gll, Ss, Gs^Ft, Ds, Gs^Ft, Ds, Ds, Wwg, Wwg, Wog, Wwg, Wwg, Ds, Ds, Ds, Wwg^Bw/r, Wwg, Wog, Wog, Wwg, Wwg, Gll, Gs^Ft, Gll, Gs^Ft, Gll^Ftr, Gs^Ft, Gll, Gs^Ft, Gs^Ft, Gll, Gll, Hh^Ft, Gll, Gll, Gs^Ft, Gll, Gll, Gll^Ftr, Chr, Gll, Gs^Ft
Gs^Ft, Chr, Hh, Ss, Gll, Gll, Gll, Gll, Gs^Ft, Gll, Ss, Ds, Ds, Wwg, Ds, Ds, Gll, Gs^Ft, Gs^Ft, Ds, Ds, Wwg, Wog, Wog, Wwg, Ds, Gll, Gs^Ft, Gll, Gll^Ftr, Gll, Hh, Gll, Gll, Gs^Ft, Hh, Gs^Ft, Gll^Ftr, Gll^Ftr, Gll, Chr, Gs^Ft, Gll, Gll, Gll, Gs^Ft
Gll, Gs^Ft, Gs^Ft, Gs^Ft, Gll, Chr, Gs^Ft, Gll, Gll, Gll, Gs^Ft, Gll, Gll, Gll, Ss, Gs^Ft, Gs^Ft, Gll^Ftr, Gs^Ft, Gll^Ftr, Gll, Wwg, Wwg, Wog, Wwg, Ds, Ds, Gll, Gs^Ft, Gll, Gs^Ft, Gs^Ft, Gll, Gll, Gs^Ft, Gs^Ft, Gll, Gs^Vht, Gs^Ft, Gs^Ft, Gll, Gll, Tb^Tf, Gs^Ft, Gs^Ft, Gll
Gll, Chr, Gll, Ss, Gll, Gll, Gll, Gs^Ft, Gll, Gll, Gll, Gll, Hh, Ss, Ss, Ss, Hh^Ft, Gll, Gs^Ft, Gll, Gll, Ds, Wwg, Wwg, Wog, Wwg, Wwg, Ds, Wwg, Ds, Ds, Hh, Hh, Gll, Gs^Ft, Gll, Gll, Gs^Ft, Gll^Ftr, Hh^Ft, Gs^Ft, Gs^Ft, Gll, Gll^Ftr, Gll, Gll
Gs^Ft, Ss, Hh^Ft, Gs^Ft, Gll, Gll, Gll, Gs^Vht, Gs^Ft, Gs^Ft, Chr, Gll, Gll, Gll^Ftr, Chr, Gll, Chr, Gll, Gs^Ft, Gll, Ss, Ds, Ds, Wwg, Wwg, Wog, Wog, Wwg, Wog, Wwg, Wwg, Ds, Gll^Ftr, Gll, Gll, Gs^Ft, Gs^Ft, Gs^Ft, Gll, Gll, Hh^Ft, Gs^Ft, Gs^Ft, Gll, Gs^Ft, Ss
Gs^Ft, Gll, Gll^Ftr, Gs^Ft, Gll, Gll, Gll, Gll, Gll, Gll, Gs^Ft, Gs^Ft, Gll, Chr, Gll^Ftr, Khr, Gs^Ft, Gll, Gll, Hh^Ft, Gll, Ss, Gs^Ft, Ds, Ds, Wwg, Wwg, Wog, Wog, Wog, Wwg, Ds, Hh^Ft, Gll, Hh, Gs^Ft, Gll, Gll, Gll, Gll, Gs^Ft, Gll, Gll, Gs^Vht, Chr, Gs^Ft
Hh, Chr, Gll, Hh, Gll, Gs^Ft, Gll, Gll, Chr, Gll, Gll, Gll, Gll, Hh^Ft, Ss, Gll, Gll, Gll, Gll^Ftr, Gs^Ft, Ss, Gll, Hh^Ft, Gll, Gs^Ft, Ds, Ds, Wwg, Wwg, Wog, Wwg, Ds, Ds, Gll, Gll, Gll, Gll, Gll, Gs^Ft, Gll, Gs^Ft, Gll, Chr, Gs^Ft, Gll, Gll
Mm, Hh, Hh, Gll, Gll, Gs^Ft, Ss, Gll^Ftr, Gll, Gll, Gll^Ftr, Gs^Ft, Gll, Gll, Gll, Gll, Gll^Ftr, Hh, Gll, Gll, Hh, Gll, Gs^Vht, Gs^Ft, Gll, Gll^Ftr, Gll, Ds, Wwg, Wwg, Wog, Wwg, Wwg^Bw/r, Ds, Ds, Gll^Ftr, Gll, Gll, Gll^Ftr, Gll, Hh^Ft, Hh, Gll^Ftr, Chr, Gs^Ft, Gs^Ft
Mm, Mm, Hh, Chr, Gs^Ft, Gll, Gs^Ft, Gs^Ft, Chr, Gll, Gll, Gs^Ft, Ss, Gll, Gll, Gll, Gll, Gll, Gs^Ft, Gll, Gll, Gll, Tb^Tf, Gs^Ft, Gs^Ft, Gll, Gll^Ftr, Gs^Ft, Ds, Wwg, Wwg^Bw/r, Wog^Bw/r, Wog^Bw/r, Wwg^Bw/r, Wwg, Ds, Ds, Gll, Gll, Chr, Tb^Tf, Gll, Gs^Ft, Chr, Hh, Gs^Ft
Mm^Xm, Mm, Mm, Hh, Gs^Ft, Chr, Gll, Gs^Ft, Gll, Gll, Gll^Ftr, Gs^Ft, Gll, Gs^Vht, Gs^Ft, Gll, Gll, Gll, Hh^Ft, Gll, Gll, Gll, Gll, Gll, Chr, Gll, Ss, Gll^Ftr, Gll, Ds, Ds, Wwg^Bw/r, Wwg, Wwg, Wog, Wwg, Wwg, Gs^Ft, Gs^Ft, Gs^Ft, Gll, Chr, Chr, 5 Khr, Chr, Gs^Ft
Mm^Xm, Mm, Mm, Hh, Gs^Ft, Gll^Ftr, Gs^Ft, Gll, Gll, Gll, Chr, Tb^Tf, Gll, Gll, Gll, Gll, Gll, Gll, Gs^Ft, Gs^Ft, Gll^Ftr, Gll, Chr, Gs^Ft, Gll, Gll, Gs^Ft, Gll, Gll, Gs^Ft, Chr, Ds, Ds, Wwg, Wog, Wog, Wwg, Ds, Ds, Gll, Ds, Gll, Ds, Gll, Gll, Gll
Mm^Xm, Mm^Xm, Mm, Hh, Chr, Gs^Ft, Gll, Gll, Gs^Ft, Gll, Gs^Ft, Gs^Ft, Gs^Ft, Gs^Ft, Gll, Gll, Gll, Gs^Ft, Gll, Hh^Ft, Gll, Gll, Gll^Ftr, Hh^Ft, Ss, Gll, Gs^Ft, Gs^Ft, Gll, Hh^Ft, Gll, Gll, Gs^Ft, Wwg, Wwg, Wog, Wwg, Wwg, Wwg, Ds, Wwg, Wwg, Wwg, Ds, Ds, Chr
Mm^Xm, Mm^Xm, Mm, Hh, Gll, Gll, Gll, Gs^Ft, Gll, Gs^Ft, Gll, Gll, Gs^Ft, Hh, Hh, Gs^Ft, Gll, Hh^Ft, Gs^Ft, Gll, Gll, Gs^Ft, Tb^Tf, Gs^Ft, Gll, Gs^Ft, Gs^Ft, Gs^Ft, Chr, Chr, Gll, Gs^Ft, Chr, Ds, Ds, Wwg, Wwg, Wog, Wog, Wwg, Wog, Wwg, Wog, Wwg, Wwg, Ds
Mm^Xm, Mm^Xm, Mm^Xm, Mm, Hh, Gll, Gll^Ftr, Gll^Ftr, Gs^Ft, Gs^Ft, Gll, Gs^Ft, Gll, Gll, Gll^Ftr, Gll, Gs^Ft, Tb^Tf, Gs^Ft, Hh, Gll, Gll, Gll^Ftr, Gll, Gll^Ftr, Gll, Gll, Gll, Gs^Ft, Hh^Ft, Gll, Gll, Gs^Ft, Gll, Gll, Ds, Ds, Wwg, Wwg, Wog, Wwg, Wwg, Wwg, Wog, Wog, Wwg
Mm^Xm, Mm^Xm, Mm^Xm, Mm, Hh, Gll, Gll, Gll, Gs^Ft, Gll, Ss, Gs^Ft, Gs^Ft, Tb^Tf, Ss, Gs^Ft, Gll, Gll, Gll, Gs^Ft, Gll, Gll, Gll^Ftr, Gll, Gs^Ft, Hh, Gll, Chr, Gs^Ft, Gll, Gll, Gs^Ft, Gll, Chr, Gs^Ft, Gll, Gll, Ds, Ds, Wwg, Ds, Ds, Ds, Wwg, Wwg, Wog
Mm^Xm, Mm^Xm, Mm^Xm, Mm^Xm, Hh, Chr, Gs^Ft, Gll, Gs^Vht, Gs^Ft, Gll, Gll, Gll, Gll, Gll, Gll, Chr, Ss, Gs^Ft, Gll, Gll, Gll, Hh, Gs^Ft, Gll, Gll, Gll, Gll, Gs^Ft, Hh^Ft, Gll, Hh, Gll, Gll, Ss, Gs^Ft, Gll, Gll, Gs^Ft, Hh^Ft, Gll, Gs^Ft, Gll^Ftr, Ds, Ds, Wwg
Mm^Xm, Mm^Xm, Mm^Xm, Mm, Hh, Gll, Gll, Gll, Gll, Gs^Ft, Gll, Gll, Gll, Gs^Ft, Gs^Ft, Tb^Tf, Gs^Ft, Gll, Gll, Gll^Ftr, Gll, Gs^Ft, Gs^Ft, Gll, Ss, Gll, Hh, Gs^Ft, Gs^Ft, Gs^Ft, Gs^Ft, Hh^Ft, Hh^Ft, Gll, Gll, Gs^Ft, Ss, Hh^Ft, Gll, Gll, Gs^Ft, Chr, Gll, Gs^Ft, Gll, Ds
Mm^Xm, Mm^Xm, Mm^Xm, Hh, Gs^Ft, Gll, Hh^Ft, Gll, Gs^Ft, Gll, Gs^Ft, Gll, Gll, Gs^Ft, Gs^Ft, Gll, Gs^Ft, Gll, Gll, Gll, Gll, Gll, Gll, Gll, Gll, Gll, Hh^Ft, Gs^Ft, Gs^Ft, Gll, Gll, Gs^Ft, Gs^Vht, Gll^Ftr, Gs^Ft, Gs^Ft, Gs^Ft, Gs^Ft, Gll^Ftr, Gll, Gll, Gll, Gs^Ft, Hh, Ss, Gll
Mm^Xm, Mm^Xm, Mm, Mm, Hh, Gll, Gs^Ft, Gs^Ft, Gs^Ft, Gll, Gs^Ft, Gll, Ss, Gs^Ft, Gs^Ft, Gll, Gs^Ft, Hh, Gll, Gll, Gll, Gll, Gs^Ft, Gll, Chr, Gs^Ft, Gll, Gs^Ft, Gs^Ft, Gs^Ft, Gs^Ft, Gll, Gs^Ft, Gs^Ft, Gs^Ft, Gll, Gs^Ft, Gll, Gs^Ft, Gs^Ft, Gll, Gs^Vht, Gll, Gll, Gll, Hh^Ft
Mm^Xm, Mm^Xm, Mm, Hh, Hh, Gll, Chr, Gs^Ft, Gs^Ft, Gll, Gll, Gs^Ft, Gll, Gll, Gll, Gll^Ftr, Gs^Ft, Gll, Gs^Ft, Hh, Gll, Gs^Vht, Gs^Ft, Gll, Gll, Hh, Chr, Gll, Gll, Gll, Gs^Ft, Gll, Hh^Ft, Gs^Ft, Gll, Gs^Ft, Gs^Ft, Gll, Gs^Ft, Gll, Gll, Gs^Ft, Gs^Ft, Gs^Ft, Gs^Ft, Gs^Ft
Mm^Xm, Mm^Xm, Mm, Hh, Gs^Ft, Gll, Gll, Tb^Tf, Gll, Gll, Gll, Gll, Gll, Gs^Ft, Gs^Ft, Gll, Gll, Gll, Gll, Chr, Gs^Ft, Gs^Ft, Gll, Gll, Chr, Gll, Gll, Gs^Ft, Gll, Gll, Gll, Gs^Ft, Chr, Ss, Gll, Gll^Ftr, Hh, Chr, Gs^Ft, Ss, Gll, Gll, Ss, Gll, Gll, Gll
Mm^Xm, Mm, Hh, Gll, Gll, Gll^Ftr, Gll, Gll, Gll, Gll, Ss, Gll, Gs^Ft, Gll, Gll, Gs^Ft, Gs^Ft, Gll, Hh, Gs^Ft, Gll, Gll, Gs^Ft, Gll, Gll^Ftr, Gll, Gll, Gs^Ft, Hh, Gll, Gs^Ft, Gs^Ft, Hh^Ft, Chr, Gs^Ft, Gll, Gll, Gll, Gs^Ft, Gll, Gll^Ftr, Gll, Gll, Gll^Ftr, Gll, Ss
Mm^Xm, Mm, Hh, Gll, Hh, Gll, Hh, Gs^Ft, Gll, Gs^Ft, Gs^Ft, Gs^Ft, Gs^Ft, Gs^Ft, Gll, Tb^Tf, Gs^Ft, Hh, Mm, Gs^Ft, Gll, Gll, Gll, Gll, Gll, Chr, Gll, Gll, Gll, Gll, Gll, Gs^Ft, Gll, Gll, Gll^Ftr, Gll, Gll, Gs^Vht, Gs^Ft, Gll, Gll, Gll, Hh^Ft, Gs^Ft, Gs^Ft, Gll
Mm, Mm, Hh, Gll^Ftr, Gll^Ftr, Gs^Ft, Gs^Ft, Gll^Ftr, Gll, Gs^Ft, Gs^Ft, Gll^Ftr, Gll, Ss, Gs^Ft, Gll, Hh, Mm, Mm^Xm, Mm, Hh, Gs^Ft, Gs^Ft, Gll, Gll, Gll, Gll, Gs^Ft, Gs^Ft, Gll, Tb^Tf, Hh, Gll, Ss, Gll, Hh, Gll, Gll, Gs^Ft, Gs^Ft, Gs^Ft, Gll, Gs^Ft, Gll, Gll, Ss
Hh, Hh, Gll, Gll, Re^Vct, Gs^Ft, Gll, Gs^Ft, Gs^Ft, Gll, Gll, Gs^Ft, Gs^Ft, Gll, Hh, Hh, Mm, Mm, Mm^Xm, Mm, Hh, Gs^Ft, Gs^Vht, Gs^Ft, Gs^Ft, Gll, Gll, Gll, Gll, Gll, Gll, Hh^Ft, Gll, Ss, Hh^Ft, Gll, Gll, Gs^Ft, Gs^Ft, Ss, Gll, Gll, Gll, Hh, Tb^Tf, Gll
Gll, Gll, Ss, Re^Vct, Gs^Ft, Re^Vct, Gll^Ecf, Gll, Gll, Gll, Gs^Ft, Gs^Ft, Hh, Gll, Mm, Mm, Mm, Mm^Xm, Mm^Xm, Mm, Hh, Gs^Ft, Gll, Gs^Ft, Gll, Gll, Gll, Hh^Ft, Gll^Ftr, Gll, Gll, Gll, Gs^Ft, Gs^Ft, Gs^Ft, Gs^Ft, Gll, Gll, Gll, Gll, Gs^Ft, Hh, Gs^Ft, Gs^Ft, Gs^Ft, Gs^Ft
Gs^Ft, Gs^Ft, Gll^Ecf, Gll^Ftr, Ce, Ce, Ce, Gll, Re^Vct, Gs^Ft, Hh, Hh, Mm, Hh, Mm, Mm^Xm, Mm^Xm, Mm^Xm, Mm, Hh, Re^Vct, Re^Vct, Ce, Gll, Re^Vct, Gll^Ebn, Gll, Gll, Gll, Gs^Ft, Gll, Gs^Ft, Gll, Gll, Gll, Gs^Ft, Chr, Hh, Gs^Ft, Gs^Ft, Gll, Tb^Tf, Gs^Ft, Gll, Gll, Gs^Ft
Gll, Gll, Ce, Ce, 2 Ke, Ce, Ce, Gs^Ft, Gs^Ft, Gs^Ft, Mm, Mm, Mm, Mm, Mm^Xm, Mm^Xm, Mm^Xm, Mm, Mm, Gll^Ebn, Ce, Chr, Ce, Ce, Gs^Ft, Re^Vct, Gll^Ftr, Gll, Gll, Gll, Gll, Gs^Ft, Gll^Ftr, Gll, Gll, Gll, Gs^Ft, Gll^Ftr, Gs^Ft, Gll, Hh^Ft, Chr, Chr, Chr, Chr, Hh^Ft
Gll, Gll, Ce, Ce, Ce, Ce, Gll, Gs^Ft, Hh, Hh, Hh, Mm, Mm^Xm, Mm^Xm, Mm^Xm, Mm^Xm, Mm, Mm, Hh, Ce, Ce, 1 Ke, Ce, Ce, Gll, Gs^Ft, Chr, Gll, Gll, Gs^Ft, Gs^Ft, Gs^Ft, Gs^Vht, Gll, Gll, Gll, Gll, Gll, Hh, Ss, Gll, Gs^Ft, Chr, 3 Khr, Chr, Ss
Gll, Gll, Re^Vct, Ce, Gll, Gll^Ftr, Re^Vct, Re^Vct, Gs^Ft, Mm, Mm, Mm, Mm^Xm, Mm^Xm, Mm^Xm, Mm^Xm, Mm, Hh, Gs^Ft, Ce, Ce, Ce, Gll, Gll^Ebn, Re^Vct, Hh^Ft, Gs^Ft, Gs^Ft, Ss, Gll, Gs^Ft, Gll, Gll^Ftr, Ss, Gll^Ftr, Gs^Ft, Hh, Gs^Ft, Hh^Ft, Gll, Gll, Hh, Gs^Ft, Chr, Gll, Gs^Ft
Gll, Gll, Gll, Gs^Ft, Gll^Ftr, Re^Vct, Tb^Tf, Gll^Ecf, Hh, Hh, Mm, Mm, Mm^Xm, Mm^Xm, Mm^Xm, Mm, Mm, Gs^Ft, Gs^Ft, Gll^Ftr, Gs^Ft, Gll, Hh^Ft, Re^Vct, Hh^Ft, Gs^Ft, Gll, Gs^Ft, Gll, Gll^Ftr, Gll^Ftr, Gll, Gll, Gll, Hh, Ss, Gll^Ftr, Gll^Ftr, Ss, Gll, Gs^Ft, Gll, Gll, Chr, Gll, Gll
Gs^Ft, Gll, Gs^Ft, Gs^Ft, Gs^Ft, Chr, Gll, Hh, Hh, Mm, Mm^Xm, Mm^Xm, Mm^Xm, Mm^Xm, Mm, Mm, Hh, Hh, Gll, Gs^Vht, Tb^Tf, Gs^Ft, Gs^Ft, Tb^Tf, Gll, Gs^Ft, Gll, Gll, Hh, Gs^Ft, Gll, Gll, Gll, Gll, Gll, Gll, Gll, Gll, Gll, Gll, Gll^Ftr, Gs^Ft, Gs^Vht, Gs^Ft, Gs^Ft, Gll
Gs^Ft, Gll, Gll, Gll, Gll, Gs^Ft, Hh^Ft, Hh, Mm, Mm^Xm, Mm^Xm, Mm^Xm, Mm^Xm, Mm^Xm, Mm, Mm, Mm, Hh, Gll, Hh, Gll, Gll, Gll, Gs^Ft, Gll, Gll, Gll, Gll, Gs^Ft, Gs^Ft, Gll, Gll, Gll, Gs^Ft, Gll, Gll, Gs^Ft, Gs^Ft, Gll, Gll, Gll, Gll, Gll, Gll, Gll^Ftr, Gll^Ftr
